// Jest Snapshot v1, https://goo.gl/fbAQLP

exports[`SampleTask  1`] = `
[
  {
    "apiVersion": "tekton.dev/v1beta1",
    "kind": "Task",
    "metadata": {
      "annotations": {
        "tekton.dev/pipelines.categories": "Git",
        "tekton.dev/pipelines.displayName": "pull request",
        "tekton.dev/pipelines.minVersion": "0.12.1",
        "tekton.dev/pipelines.platforms": "linux/amd64,linux/s390x,linux/ppc64le",
        "tekton.dev/pipelines.tags": "SCM",
      },
      "labels": {
        "app.kubernetes.io/version": "0.1",
      },
      "name": "pull-request",
    },
    "spec": {
      "description": "This Task allows a user to interact with an SCM (source control management)
system through an abstracted interface

This Task works with both public SCM instances and self-hosted/enterprise GitHub/GitLab
instances. In download mode, this Task will look at the state of an existing pull
request and populate the pr workspace with the state of the pull request, including the
.MANIFEST file. In upload mode, this Task will look at the contents of the pr workspace
 and compare it to the .MANIFEST file (if it exists).",
      "params": [
        {
          "description": "If "download", the state of the pull request at \`url\` will be fetched. If "upload" then the pull request at \`url\` will be updated.",
          "name": "mode",
        },
        {
          "description": "The URL of the Pull Reuqest, e.g. \`https://github.com/bobcatfish/catservice/pull/16\`",
          "name": "url",
        },
        {
          "description": "The type of SCM system, currently \`github\` or \`gitlab\`",
          "name": "provider",
        },
        {
          "description": "The name of an opaque secret containing a key called "token" with a base64 encoded SCM token",
          "name": "secret-key-ref",
        },
        {
          "default": "false",
          "description": "If "true", certificate validation will be disabled",
          "name": "insecure-skip-tls-verify",
        },
      ],
      "steps": [
        {
          "args": [
            "-url",
            "$(params.url)",
            "-path",
            "$(workspaces.pr.path)",
            "-mode",
            "$(params.mode)",
            "-provider",
            "$(params.provider)",
            "-insecure-skip-tls-verify",
            "$(params.insecure-skip-tls-verify)",
          ],
          "command": [],
          "env": [
            {
              "name": "AUTH_TOKEN",
              "valueFrom": {
                "secretKeyRef": {
                  "key": "token",
                  "name": "$(params.secret-key-ref)",
                },
              },
            },
          ],
          "image": "gcr.io/tekton-releases/github.com/tektoncd/pipeline/cmd/pullrequest-init@sha256:69633ecd0e948f6462c61bb9e008b940a05b143ef51c67e6e4093278a23dac53",
          "name": "pullrequest-init",
        },
      ],
      "workspaces": [
        {
          "name": "pr",
        },
      ],
    },
  },
]
`;
